// Jest Snapshot v1, https://goo.gl/fbAQLP

exports[`Home renders correctly 1`] = `
Array [
  <div
    className="logo"
  >
    <img
      alt="React Logo"
      src={
        Object {
          "process": [Function],
        }
      }
    />
  </div>,
  <p
    className="lead"
  >
    <strong>
      react-ssr
    </strong>
     is universal React web app boilerplate.
  </p>,
  <br />,
  <a
    href="https://github.com/xuanhoa88/react-ssr"
    rel="noopener noreferrer"
    target="_blank"
  >
    GitHub repository
  </a>,
]
`;
